> Task :preBuild UP-TO-DATE
> Task :preDebugBuild UP-TO-DATE
> Task :mergeDebugNativeDebugMetadata NO-SOURCE
> Task :checkKotlinGradlePluginConfigurationErrors
> Task :generateDebugBuildConfig UP-TO-DATE
> Task :checkDebugAarMetadata UP-TO-DATE
> Task :generateDebugResValues UP-TO-DATE
> Task :mapDebugSourceSetPaths UP-TO-DATE
> Task :generateDebugResources UP-TO-DATE
> Task :mergeDebugResources UP-TO-DATE
> Task :packageDebugResources UP-TO-DATE
> Task :parseDebugLocalResources UP-TO-DATE
> Task :createDebugCompatibleScreenManifests UP-TO-DATE
> Task :extractDeepLinksDebug UP-TO-DATE
> Task :processDebugMainManifest UP-TO-DATE
> Task :processDebugManifest UP-TO-DATE
> Task :processDebugManifestForPackage UP-TO-DATE
> Task :processDebugResources UP-TO-DATE
> Task :javaPreCompileDebug UP-TO-DATE
> Task :mergeDebugShaders UP-TO-DATE
> Task :compileDebugShaders NO-SOURCE
> Task :generateDebugAssets UP-TO-DATE
> Task :mergeDebugAssets UP-TO-DATE
> Task :compressDebugAssets UP-TO-DATE
> Task :checkDebugDuplicateClasses UP-TO-DATE
> Task :desugarDebugFileDependencies UP-TO-DATE
> Task :mergeExtDexDebug UP-TO-DATE
> Task :mergeLibDexDebug UP-TO-DATE
> Task :mergeDebugJniLibFolders UP-TO-DATE
> Task :mergeDebugNativeLibs NO-SOURCE
> Task :stripDebugDebugSymbols NO-SOURCE
> Task :validateSigningDebug UP-TO-DATE
> Task :writeDebugAppMetadata UP-TO-DATE
> Task :writeDebugSigningConfigVersions UP-TO-DATE
> Task :kspDebugKotlin
> Task :compileDebugKotlin
> Task :compileDebugJavaWithJavac UP-TO-DATE
> Task :hiltAggregateDepsDebug UP-TO-DATE
> Task :hiltJavaCompileDebug NO-SOURCE
> Task :processDebugJavaRes UP-TO-DATE
> Task :mergeDebugJavaResource UP-TO-DATE
